## args
-f
<DIR>/simple.xlsx
--json
audit
## exit
0
## stdout
{
  "ok": true,
  "exitCode": 0,
  "verb": "audit",
  "version": "<VERSION>",
  "data": {
    "clean": true,
    "findings": 0,
    "errorCells": [],
    "uncachedFormulas": [],
    "unparseable": [],
    "volatile": [],
    "dynamic": [],
    "cycles": [],
    "externalRefs": [],
    "unresolvedReaders": [],
    "calcPr": null,
    "iterativeCycles": []
  },
  "warnings": [],
  "error": null
}
## stderr
