## args
-f
<DIR>/dirty.xlsx
audit
--fail-on-findings
## exit
1
## stdout
Audit: 6 findings
Error values (1):
  Calc!A1  #DIV/0!
Uncached formulas (2):
  Calc!B1
  Notes!A1
Unparseable formulas (1):
  Calc!H1
    UNSUPPORTED(1)
    ^
    Formula error in 'UNSUPPORTED(1)': Unknown function 'UNSUPPORTED' at position 0
Cycles (1):
  Calc!E1, Calc!F1
Unresolved names (1):
  Calc!I1
Volatile (1):
  Calc!C1
Dynamic (1):
  Calc!D1
External references (1):
  Calc!G1
Calculation: iterative (100 iterations, max change 0.001)
## stderr
