## args
--json
batch
--dry-run
-
## stdin
[{"op":"put","ref":"A1","value":"x","bogus":true,"format":1},{"op":"style","range":"A1","numFormat":"curency"}]
## exit
0
## stdout
{
  "ok": true,
  "exitCode": 0,
  "verb": "batch",
  "version": "<VERSION>",
  "data": {
    "ops": [
      {
        "index": 1,
        "op": "PUT",
        "summary": "PUT A1 = Text(x)"
      },
      {
        "index": 2,
        "op": "STYLE",
        "summary": "STYLE A1"
      }
    ]
  },
  "warnings": [
    {
      "code": "UNKNOWN_PROPERTY",
      "message": "Object 1 (put): unknown properties ignored: bogus. Known: op, sheet, ref, value, values, format, detect",
      "location": {
        "file": null,
        "sheet": null,
        "ref": null,
        "opIndex": 1
      }
    },
    {
      "code": "FORMAT_HINT_IGNORED",
      "message": "Object 1 (put): format must be a string (a format name or an Excel format code), got 1 — ignored. Known names: general, integer, number, decimal, currency, percent, percent_decimal, date, datetime, time, text.",
      "location": {
        "file": null,
        "sheet": null,
        "ref": null,
        "opIndex": 1
      }
    },
    {
      "code": "FORMAT_HINT_IGNORED",
      "message": "Object 2 (style): numFmt 'curency' is neither a known format name nor an Excel format code — applying it verbatim as a custom code. Known names: general, integer, number, decimal, currency, percent, percent_decimal, date, datetime, time, text.",
      "location": {
        "file": null,
        "sheet": null,
        "ref": null,
        "opIndex": 2
      }
    }
  ],
  "error": null
}
## stderr
