## args
-f
<DIR>/simple.xlsx
diff
-g
<DIR>/changed.xlsx
--format
json
## exit
1
## stdout
{
  "identical": false,
  "sheetsAdded": [],
  "sheetsRemoved": [],
  "sheets": [
    {
      "name": "Data",
      "added": [],
      "removed": [],
      "changed": [
        {
          "ref": "B1",
          "before": {
            "value": "10",
            "formula": null
          },
          "after": {
            "value": "11",
            "formula": null
          },
          "styleChanged": false,
          "kind": "value"
        },
        {
          "ref": "B4",
          "before": {
            "value": "42.5",
            "formula": "=SUM(B1:B3)"
          },
          "after": {
            "value": "43.5",
            "formula": "=SUM(B1:B3)"
          },
          "styleChanged": false,
          "kind": "cache"
        }
      ],
      "mergesAdded": [],
      "mergesRemoved": [],
      "commentsAdded": [],
      "commentsRemoved": [],
      "commentsChanged": [],
      "hyperlinksAdded": [],
      "hyperlinksRemoved": [],
      "hyperlinksChanged": []
    }
  ]
}
## stderr
