## args
-f
<DIR>/simple.xlsx
--json
view
A1:B2
-s
Data
## exit
0
## stdout
{
  "ok": true,
  "exitCode": 0,
  "verb": "view",
  "version": "<VERSION>",
  "data": {
    "text": "|   | A     | B   |\n|---|-------|-----|\n| 1 | Hello | 10  |\n| 2 | World | 20  |\n",
    "saved": null,
    "written": false
  },
  "warnings": [],
  "error": null
}
## stderr
