## args
-f
<DIR>/named.xlsx
-s
Data
-o
<DIR>/name-add-scoped-json.xlsx
--json
name
add
Local
Data!$A$1
## exit
0
## stdout
{
  "ok": true,
  "exitCode": 0,
  "verb": "name add",
  "version": "<VERSION>",
  "data": {
    "text": "Added named range 'Local' -> Data!$A$1 (scope: Data)\nSaved: <DIR>/name-add-scoped-json.xlsx",
    "saved": "<DIR>/name-add-scoped-json.xlsx",
    "written": true
  },
  "warnings": [],
  "error": null
}
## stderr
