## args
-f
<DIR>/lookup-miss.xlsx
-o
<DIR>/lookup-miss-out.xlsx
--json
recalc
## exit
0
## stdout
{
  "ok": true,
  "exitCode": 0,
  "verb": "recalc",
  "version": "<VERSION>",
  "data": {
    "text": "Recalculated 3 formulas (2 error values: Data!D1 #N/A — VLOOKUP exact match not found: VLOOKUP(42, A1:B3, 2, FALSE); Data!D3 #DIV/0! — Division by zero: 1 / 0)\nSaved: <DIR>/lookup-miss-out.xlsx",
    "saved": "<DIR>/lookup-miss-out.xlsx",
    "written": true,
    "errorValuedCycles": [],
    "errorCells": [
      {
        "ref": "Data!D1",
        "error": "#N/A",
        "reason": "VLOOKUP exact match not found: VLOOKUP(42, A1:B3, 2, FALSE)"
      },
      {
        "ref": "Data!D3",
        "error": "#DIV/0!",
        "reason": "Division by zero: 1 / 0"
      }
    ]
  },
  "warnings": [],
  "error": null
}
## stderr
