## args
-f
<DIR>/simple.xlsx
--json
search
\d
--limit
2
--total
## exit
0
## stdout
{
  "ok": true,
  "exitCode": 0,
  "verb": "search",
  "version": "<VERSION>",
  "data": {
    "pattern": "\\d",
    "sheets": [
      "Data",
      "Summary"
    ],
    "count": 2,
    "total": 6,
    "totalExact": true,
    "matches": [
      {
        "ref": "B1",
        "sheet": "Data",
        "kind": "number",
        "value": 10,
        "formatted": "10",
        "formula": null,
        "hidden": false,
        "mergedInto": null
      },
      {
        "ref": "C1",
        "sheet": "Data",
        "kind": "number",
        "value": 45306,
        "formatted": "1/15/24",
        "formula": null,
        "hidden": false,
        "mergedInto": null
      }
    ]
  },
  "warnings": [],
  "error": null
}
## stderr
