## args
-f
<DIR>/linked.xlsx
--stream
--json
describe
## exit
0
## stdout
{
  "ok": true,
  "exitCode": 0,
  "verb": "describe",
  "version": "<VERSION>",
  "data": {
    "sheets": [
      {
        "name": "Sheet1",
        "index": 1,
        "state": "visible",
        "dimension": "A1:A3"
      },
      {
        "name": "Sheet2",
        "index": 2,
        "state": "visible",
        "dimension": "A1:B1"
      },
      {
        "name": "Hidden",
        "index": 3,
        "state": "hidden",
        "dimension": "A1:A1"
      }
    ],
    "definedNames": [
      {
        "name": "Total",
        "refersTo": "Sheet1!$A$3",
        "scope": null,
        "hidden": false
      },
      {
        "name": "Secret",
        "refersTo": "Sheet1!$A$1",
        "scope": null,
        "hidden": true
      }
    ],
    "date1904": false
  },
  "warnings": [],
  "error": null
}
## stderr
