## args
-f
<DIR>/simple.xlsx
-s
Data
--json
view
A1:C4
--format
csv
--limit
2
## exit
0
## stdout
{
  "ok": true,
  "exitCode": 0,
  "verb": "view",
  "version": "<VERSION>",
  "data": {
    "text": "Hello,10,1/15/24\nWorld,20,6/30/24",
    "saved": null,
    "written": false
  },
  "warnings": [
    {
      "code": "TRUNCATED",
      "message": "… showing 2 of 4 rows (use --limit to raise; --limit 0 = no limit)"
    }
  ],
  "error": null
}
## stderr
